2023-12-02 04:08:41,641 - INFO - Current time: Sat Dec  2 04:08:41 2023
2023-12-02 04:11:12,495 - INFO - Current time: Sat Dec  2 04:11:12 2023
